<html>
<body>
<pre>
<h1>µVision Build Log</h1>
<h2>Project:</h2>
I:\315\Project - Revision 6\Final Revision\Code_CONTROLLER_MASTER\ece353_base_project.uvproj
Project File Date:  03/12/2014

<h2>Output:</h2>
Rebuild target 'base_project'
assembling Startup.s...
compiling main.c...
main.c(132): warning:  #550-D: variable "delay" was set but never used
main.c(154): warning:  #550-D: variable "delay" was set but never used
compiling systick.c...
systick.c(65): warning:  #550-D: variable "temp" was set but never used
compiling timer.c...
timer.c(120): warning:  #550-D: variable "wait" was set but never used
timer.c(138): warning:  #550-D: variable "wait" was set but never used
compiling Sensor.c...
Sensor.c(118): warning:  #68-D: integer conversion resulted in a change of sign
Sensor.c(118): warning:  #68-D: integer conversion resulted in a change of sign
compiling uart.c...
uart.c(21): warning:  #550-D: variable "delay" was set but never used
compiling xbee.c...
linking...
Program Size: Code=3932 RO-data=32 RW-data=156 ZI-data=4100  
"ece353_base_project.axf" - 0 Error(s), 8 Warning(s).
Load "I:\\315\\Project - Revision 6\\Final Revision\\Code_CONTROLLER_MASTER\\ece353_base_project.AXF" 
Connecting: Mode=JTAG, Speed=1000000Hz
Erase Done.
Programming Done.
Verify OK.
Rebuild target 'base_project'
assembling Startup.s...
compiling main.c...
main.c(132): warning:  #550-D: variable "delay" was set but never used
main.c(154): warning:  #550-D: variable "delay" was set but never used
compiling systick.c...
systick.c(65): warning:  #550-D: variable "temp" was set but never used
compiling timer.c...
timer.c(120): warning:  #550-D: variable "wait" was set but never used
timer.c(138): warning:  #550-D: variable "wait" was set but never used
compiling Sensor.c...
Sensor.c(118): warning:  #68-D: integer conversion resulted in a change of sign
Sensor.c(118): warning:  #68-D: integer conversion resulted in a change of sign
compiling uart.c...
uart.c(21): warning:  #550-D: variable "delay" was set but never used
compiling xbee.c...
linking...
Program Size: Code=3932 RO-data=32 RW-data=156 ZI-data=4100  
"ece353_base_project.axf" - 0 Error(s), 8 Warning(s).
Load "I:\\315\\Project - Revision 6\\Final Revision\\Code_CONTROLLER_MASTER\\ece353_base_project.AXF" 
Connecting: Mode=JTAG, Speed=1000000Hz
Erase Done.
Programming Done.
Verify OK.
Rebuild target 'base_project'
assembling Startup.s...
compiling main.c...
main.c(132): warning:  #550-D: variable "delay" was set but never used
main.c(154): warning:  #550-D: variable "delay" was set but never used
compiling systick.c...
systick.c(65): warning:  #550-D: variable "temp" was set but never used
compiling timer.c...
timer.c(120): warning:  #550-D: variable "wait" was set but never used
timer.c(138): warning:  #550-D: variable "wait" was set but never used
compiling Sensor.c...
Sensor.c(118): warning:  #68-D: integer conversion resulted in a change of sign
Sensor.c(118): warning:  #68-D: integer conversion resulted in a change of sign
compiling uart.c...
uart.c(21): warning:  #550-D: variable "delay" was set but never used
compiling xbee.c...
linking...
Program Size: Code=3932 RO-data=32 RW-data=156 ZI-data=4100  
"ece353_base_project.axf" - 0 Error(s), 8 Warning(s).
Load "I:\\315\\Project - Revision 6\\Final Revision\\Code_CONTROLLER_MASTER\\ece353_base_project.AXF" 
Connecting: Mode=JTAG, Speed=1000000Hz
Erase Done.
Programming Done.
Verify OK.
Rebuild target 'base_project'
assembling Startup.s...
compiling main.c...
main.c(132): warning:  #550-D: variable "delay" was set but never used
main.c(154): warning:  #550-D: variable "delay" was set but never used
compiling systick.c...
systick.c(65): warning:  #550-D: variable "temp" was set but never used
compiling timer.c...
timer.c(120): warning:  #550-D: variable "wait" was set but never used
timer.c(138): warning:  #550-D: variable "wait" was set but never used
compiling Sensor.c...
Sensor.c(118): warning:  #68-D: integer conversion resulted in a change of sign
Sensor.c(118): warning:  #68-D: integer conversion resulted in a change of sign
compiling uart.c...
uart.c(21): warning:  #550-D: variable "delay" was set but never used
compiling xbee.c...
linking...
Program Size: Code=3932 RO-data=32 RW-data=156 ZI-data=4100  
"ece353_base_project.axf" - 0 Error(s), 8 Warning(s).
Load "I:\\315\\Project - Revision 6\\Final Revision\\Code_CONTROLLER_MASTER\\ece353_base_project.AXF" 
Connecting: Mode=JTAG, Speed=1000000Hz
Erase Done.
Programming Done.
Verify OK.
Rebuild target 'base_project'
assembling Startup.s...
compiling main.c...
main.c(132): warning:  #550-D: variable "delay" was set but never used
main.c(154): warning:  #550-D: variable "delay" was set but never used
compiling systick.c...
systick.c(65): warning:  #550-D: variable "temp" was set but never used
compiling timer.c...
timer.c(120): warning:  #550-D: variable "wait" was set but never used
timer.c(138): warning:  #550-D: variable "wait" was set but never used
compiling Sensor.c...
Sensor.c(118): warning:  #68-D: integer conversion resulted in a change of sign
Sensor.c(118): warning:  #68-D: integer conversion resulted in a change of sign
compiling uart.c...
uart.c(21): warning:  #550-D: variable "delay" was set but never used
compiling xbee.c...
linking...
Program Size: Code=3952 RO-data=32 RW-data=156 ZI-data=4100  
"ece353_base_project.axf" - 0 Error(s), 8 Warning(s).
Load "I:\\315\\Project - Revision 6\\Final Revision\\Code_CONTROLLER_MASTER\\ece353_base_project.AXF" 
Connecting: Mode=JTAG, Speed=1000000Hz
Erase Done.
Programming Done.
Verify OK.
Rebuild target 'base_project'
assembling Startup.s...
compiling main.c...
main.c(132): warning:  #550-D: variable "delay" was set but never used
main.c(154): warning:  #550-D: variable "delay" was set but never used
compiling systick.c...
systick.c(65): warning:  #550-D: variable "temp" was set but never used
compiling timer.c...
timer.c(120): warning:  #550-D: variable "wait" was set but never used
timer.c(138): warning:  #550-D: variable "wait" was set but never used
compiling Sensor.c...
Sensor.c(118): warning:  #68-D: integer conversion resulted in a change of sign
Sensor.c(118): warning:  #68-D: integer conversion resulted in a change of sign
compiling uart.c...
uart.c(21): warning:  #550-D: variable "delay" was set but never used
compiling xbee.c...
linking...
Program Size: Code=3952 RO-data=32 RW-data=156 ZI-data=4100  
"ece353_base_project.axf" - 0 Error(s), 8 Warning(s).
Load "I:\\315\\Project - Revision 6\\Final Revision\\Code_CONTROLLER_MASTER\\ece353_base_project.AXF" 
Connecting: Mode=JTAG, Speed=1000000Hz
Erase Done.
Programming Done.
Verify OK.
