ARM Linker, 4.1 [Build 894] [Evaluation]

==============================================================================

Section Cross References

    startup.o(RESET) refers to startup.o(STACK) for StackMem
    startup.o(RESET) refers to systick.o(.text) for SYSTICKIntHandler
    startup.o(RESET) refers to timer.o(.text) for Timer0Handler
    startup.o(RESET) refers to entry.o(.ARM.Collect$$$$00000000) for __main
    main.o(.text) refers to pll.o(.text) for PLL_Init
    main.o(.text) refers to gpio.o(.text) for initializeGPIOPort
    main.o(.text) refers to uart.o(.text) for initUART
    main.o(.text) refers to systick.o(.data) for dataValue
    main.o(.text) refers to main.o(.data) for GPIOPortB
    main.o(.text) refers to systick.o(.text) for initializeSysTick
    main.o(.text) refers to xbee.o(.text) for sendData
    systick.o(.text) refers to systick.o(.data) for sysCounter
    timer.o(.text) refers to timer.o(.data) for timeCounter
    timer.o(.text) refers to main.o(.data) for finalDistance0
    sensor.o(.text) refers to main.o(.text) for GetADC1val
    sensor.o(.text) refers to sensor.o(.data) for avgCountU0
    sensor.o(.text) refers to main.o(.data) for finalDistance0
    sensor.o(.text) refers to timer.o(.data) for opticalCheck
    uart.o(.text) refers to uart.o(.data) for i
    xbee.o(.text) refers to uart.o(.text) for uartTxPoll
    xbee.o(.text) refers to main.o(.data) for xRange
    entry.o(.ARM.Collect$$$$00000000) refers (Special) to entry7b.o(.ARM.Collect$$$$00000008) for _main_clock
    entry.o(.ARM.Collect$$$$00000000) refers (Special) to entry8.o(.ARM.Collect$$$$00000009) for _main_init
    entry.o(.ARM.Collect$$$$00000000) refers (Special) to entry5.o(.ARM.Collect$$$$00000004) for _main_scatterload
    entry.o(.ARM.Collect$$$$00000000) refers (Special) to entry2.o(.ARM.Collect$$$$00000001) for _main_stk
    entry2.o(.ARM.Collect$$$$00000001) refers to entry2.o(.ARM.Collect$$$$00002712) for __lit__00000000
    entry2.o(.ARM.Collect$$$$00002712) refers to startup.o(STACK) for __initial_sp
    entry2.o(__vectab_stack_and_reset_area) refers to startup.o(STACK) for __initial_sp
    entry2.o(__vectab_stack_and_reset_area) refers to entry.o(.ARM.Collect$$$$00000000) for __main
    entry5.o(.ARM.Collect$$$$00000004) refers to init.o(.text) for __scatterload
    entry8.o(.ARM.Collect$$$$00000009) refers to main.o(.text) for main
    init.o(.text) refers to entry5.o(.ARM.Collect$$$$00000004) for __main_after_scatterload


==============================================================================

Removing Unused input sections from the image.

    Removing startup.o(HEAP), (4096 bytes).
    Removing startup.o(.text), (28 bytes).
    Removing main.o(.bss), (80 bytes).
    Removing sensor.o(.text), (308 bytes).
    Removing sensor.o(.data), (32 bytes).

5 unused section(s) (total 4544 bytes) removed from the image.

==============================================================================

Image Symbol Table

    Local Symbols

    Symbol Name                              Value     Ov Type        Size  Object(Section)

    RESET                                    0x00000000   Section      252  startup.o(RESET)
    ../../microlib/init/entry.s              0x00000000   Number         0  entry8.o ABSOLUTE
    ../../microlib/init/entry.s              0x00000000   Number         0  entry7b.o ABSOLUTE
    ../../microlib/init/entry.s              0x00000000   Number         0  entry7a.o ABSOLUTE
    ../../microlib/init/entry.s              0x00000000   Number         0  entry5.o ABSOLUTE
    ../../microlib/init/entry.s              0x00000000   Number         0  entry2.o ABSOLUTE
    ../../microlib/init/entry.s              0x00000000   Number         0  entry.o ABSOLUTE
    PLL.c                                    0x00000000   Number         0  pll.o ABSOLUTE
    Sensor.c                                 0x00000000   Number         0  sensor.o ABSOLUTE
    Startup.s                                0x00000000   Number         0  startup.o ABSOLUTE
    dc.s                                     0x00000000   Number         0  dc.o ABSOLUTE
    gpio.c                                   0x00000000   Number         0  gpio.o ABSOLUTE
    handlers.s                               0x00000000   Number         0  handlers.o ABSOLUTE
    init.s                                   0x00000000   Number         0  init.o ABSOLUTE
    main.c                                   0x00000000   Number         0  main.o ABSOLUTE
    systick.c                                0x00000000   Number         0  systick.o ABSOLUTE
    timer.c                                  0x00000000   Number         0  timer.o ABSOLUTE
    uart.c                                   0x00000000   Number         0  uart.o ABSOLUTE
    xbee.c                                   0x00000000   Number         0  xbee.o ABSOLUTE
    $v0                                      0x000000f0   Number         0  startup.o(RESET)
    NmiSR                                    0x000000f5   Thumb Code     0  startup.o(RESET)
    FaultISR                                 0x000000f7   Thumb Code     0  startup.o(RESET)
    IntDefaultHandler                        0x000000f9   Thumb Code     0  startup.o(RESET)
    .ARM.Collect$$$$00000000                 0x000000fc   Section        0  entry.o(.ARM.Collect$$$$00000000)
    .ARM.Collect$$$$00000001                 0x000000fc   Section        4  entry2.o(.ARM.Collect$$$$00000001)
    .ARM.Collect$$$$00000004                 0x00000100   Section        4  entry5.o(.ARM.Collect$$$$00000004)
    .ARM.Collect$$$$00000008                 0x00000104   Section        0  entry7b.o(.ARM.Collect$$$$00000008)
    .ARM.Collect$$$$00000009                 0x00000104   Section        8  entry8.o(.ARM.Collect$$$$00000009)
    .ARM.Collect$$$$00002712                 0x0000010c   Section        4  entry2.o(.ARM.Collect$$$$00002712)
    __lit__00000000                          0x0000010c   Data           4  entry2.o(.ARM.Collect$$$$00002712)
    .text                                    0x00000110   Section        0  main.o(.text)
    .text                                    0x00000674   Section        0  systick.o(.text)
    .text                                    0x000006d4   Section        0  timer.o(.text)
    .text                                    0x000009b8   Section        0  uart.o(.text)
    .text                                    0x00000aa4   Section        0  xbee.o(.text)
    .text                                    0x00000d6c   Section        0  pll.o(.text)
    .text                                    0x00000df8   Section        0  gpio.o(.text)
    .text                                    0x00000f2c   Section       36  init.o(.text)
    i.__scatterload_copy                     0x00000f50   Section       14  handlers.o(i.__scatterload_copy)
    i.__scatterload_null                     0x00000f5e   Section        2  handlers.o(i.__scatterload_null)
    i.__scatterload_zeroinit                 0x00000f60   Section       14  handlers.o(i.__scatterload_zeroinit)
    .data                                    0x20000000   Section       82  main.o(.data)
    .data                                    0x20000054   Section       40  systick.o(.data)
    sysCounter                               0x20000078   Data           4  systick.o(.data)
    .data                                    0x2000007c   Section       25  timer.o(.data)
    requested0                               0x20000088   Data           1  timer.o(.data)
    requested1                               0x20000089   Data           1  timer.o(.data)
    count0                                   0x2000008c   Data           4  timer.o(.data)
    count1                                   0x20000090   Data           4  timer.o(.data)
    .data                                    0x20000098   Section        4  uart.o(.data)
    STACK                                    0x200000a0   Section     4096  startup.o(STACK)
    StackMem                                 0x200000a0   Data           0  startup.o(STACK)

    Global Symbols

    Symbol Name                              Value     Ov Type        Size  Object(Section)

    BuildAttributes$$THM_ISAv4$E$P$D$K$B$S$7EM$VFPi3$EXTD16$VFPS$VFMA$PE$A:L22UL41UL21$X:L11$S22US41US21$IEEE1$IW$USESV6$~STKCKD$USESV7$~SHL$OSPACE$EBA8$MICROLIB$REQ8$PRES8$EABIv2 0x00000000   Number         0  anon$$obj.o ABSOLUTE
    __ARM_use_no_argv                        0x00000000   Number         0  main.o ABSOLUTE
    __Vectors                                0x00000000   Data           0  startup.o(RESET)
    __decompress                              - Undefined Weak Reference
    _clock_init                               - Undefined Weak Reference
    Reset_Handler                            0x000000f1   Thumb Code     0  startup.o(RESET)
    __main                                   0x000000fd   Thumb Code     0  entry.o(.ARM.Collect$$$$00000000)
    _main_stk                                0x000000fd   Thumb Code     0  entry2.o(.ARM.Collect$$$$00000001)
    _main_scatterload                        0x00000101   Thumb Code     0  entry5.o(.ARM.Collect$$$$00000004)
    __main_after_scatterload                 0x00000105   Thumb Code     0  entry5.o(.ARM.Collect$$$$00000004)
    _main_clock                              0x00000105   Thumb Code     0  entry7b.o(.ARM.Collect$$$$00000008)
    _main_init                               0x00000105   Thumb Code     0  entry8.o(.ARM.Collect$$$$00000009)
    GetADCval                                0x00000111   Thumb Code    54  main.o(.text)
    GetADC1val                               0x00000147   Thumb Code    42  main.o(.text)
    initializeADC                            0x00000171   Thumb Code   112  main.o(.text)
    initializeADC1                           0x000001e1   Thumb Code   122  main.o(.text)
    gpioPortInit                             0x0000025b   Thumb Code   310  main.o(.text)
    checkDutyCycle                           0x00000391   Thumb Code    72  main.o(.text)
    setDirection                             0x000003d9   Thumb Code   112  main.o(.text)
    debounceButton                           0x00000449   Thumb Code    54  main.o(.text)
    main                                     0x0000047f   Thumb Code   418  main.o(.text)
    SYSTICKIntHandler                        0x00000675   Thumb Code    42  systick.o(.text)
    initializeSysTick                        0x0000069f   Thumb Code    48  systick.o(.text)
    Timer0Handler                            0x000006d5   Thumb Code   464  timer.o(.text)
    Timer1Handler                            0x000008a5   Thumb Code    12  timer.o(.text)
    initializeTimer0                         0x000008b1   Thumb Code   102  timer.o(.text)
    initializeTimer1                         0x00000917   Thumb Code   102  timer.o(.text)
    initUART                                 0x000009b9   Thumb Code   132  uart.o(.text)
    uartRxPoll                               0x00000a3d   Thumb Code    42  uart.o(.text)
    uartTxPoll                               0x00000a67   Thumb Code    30  uart.o(.text)
    uartTxPollChar                           0x00000a85   Thumb Code    16  uart.o(.text)
    configXBEE                               0x00000aa5   Thumb Code   496  xbee.o(.text)
    sendData                                 0x00000c95   Thumb Code    96  xbee.o(.text)
    PLL_Init                                 0x00000d6d   Thumb Code   134  pll.o(.text)
    initializeGPIOPort                       0x00000df9   Thumb Code   272  gpio.o(.text)
    GPIOPortButtonPressed                    0x00000f09   Thumb Code    20  gpio.o(.text)
    __scatterload                            0x00000f2d   Thumb Code    28  init.o(.text)
    __scatterload_rt2                        0x00000f2d   Thumb Code     0  init.o(.text)
    __scatterload_copy                       0x00000f51   Thumb Code    14  handlers.o(i.__scatterload_copy)
    __scatterload_null                       0x00000f5f   Thumb Code     2  handlers.o(i.__scatterload_null)
    __scatterload_zeroinit                   0x00000f61   Thumb Code    14  handlers.o(i.__scatterload_zeroinit)
    Region$$Table$$Base                      0x00000f70   Number         0  anon$$obj.o(Region$$Table)
    Region$$Table$$Limit                     0x00000f90   Number         0  anon$$obj.o(Region$$Table)
    portA_config                             0x20000000   Data          20  main.o(.data)
    portC_config                             0x20000014   Data          20  main.o(.data)
    UART0_config                             0x20000028   Data          24  main.o(.data)
    autonomousMode                           0x20000040   Data           1  main.o(.data)
    finalDistance0                           0x20000044   Data           4  main.o(.data)
    finalDistance1                           0x20000048   Data           4  main.o(.data)
    GPIOPortB                                0x2000004c   Data           4  main.o(.data)
    yRange                                   0x20000050   Data           1  main.o(.data)
    xRange                                   0x20000051   Data           1  main.o(.data)
    MotorDutyCycle                           0x20000054   Data           4  systick.o(.data)
    MotorDutyCycle2                          0x20000058   Data           4  systick.o(.data)
    dataValue                                0x2000005c   Data           4  systick.o(.data)
    checkDistance                            0x20000060   Data           1  systick.o(.data)
    checkDistance2                           0x20000061   Data           1  systick.o(.data)
    distanceCount                            0x20000064   Data           4  systick.o(.data)
    distanceCount2                           0x20000068   Data           4  systick.o(.data)
    turn180                                  0x2000006c   Data           1  systick.o(.data)
    turn90Left                               0x2000006d   Data           1  systick.o(.data)
    turn90Right                              0x2000006e   Data           1  systick.o(.data)
    straight3Feet                            0x2000006f   Data           1  systick.o(.data)
    stop                                     0x20000070   Data           1  systick.o(.data)
    myPortF                                  0x20000074   Data           4  systick.o(.data)
    timeCounter                              0x2000007c   Data           4  timer.o(.data)
    GpioPortB                                0x20000080   Data           4  timer.o(.data)
    GpioPortE                                0x20000084   Data           4  timer.o(.data)
    opticalCheck                             0x20000094   Data           1  timer.o(.data)
    i                                        0x20000098   Data           4  uart.o(.data)
    __initial_sp                             0x200010a0   Data           0  startup.o(STACK)



==============================================================================

Memory Map of the image

  Image Entry point : 0x000000fd

  Load Region LR_IROM (Base: 0x00000000, Size: 0x0000102c, Max: 0x00040000, ABSOLUTE)

    Execution Region ER_IROM (Base: 0x00000000, Size: 0x00000f90, Max: 0x00040000, ABSOLUTE)

    Base Addr    Size         Type   Attr      Idx    E Section Name        Object

    0x00000000   0x000000fc   Code   RO            3    RESET               startup.o
    0x000000fc   0x00000000   Code   RO          178  * .ARM.Collect$$$$00000000  mc_w.l(entry.o)
    0x000000fc   0x00000004   Code   RO          181    .ARM.Collect$$$$00000001  mc_w.l(entry2.o)
    0x00000100   0x00000004   Code   RO          184    .ARM.Collect$$$$00000004  mc_w.l(entry5.o)
    0x00000104   0x00000000   Code   RO          186    .ARM.Collect$$$$00000008  mc_w.l(entry7b.o)
    0x00000104   0x00000008   Code   RO          187    .ARM.Collect$$$$00000009  mc_w.l(entry8.o)
    0x0000010c   0x00000004   Code   RO          182    .ARM.Collect$$$$00002712  mc_w.l(entry2.o)
    0x00000110   0x00000564   Code   RO           11    .text               main.o
    0x00000674   0x00000060   Code   RO           60    .text               systick.o
    0x000006d4   0x000002e4   Code   RO           76    .text               timer.o
    0x000009b8   0x000000ec   Code   RO          111    .text               uart.o
    0x00000aa4   0x000002c8   Code   RO          126    .text               xbee.o
    0x00000d6c   0x0000008c   Code   RO          139    .text               pll.lib(pll.o)
    0x00000df8   0x00000134   Code   RO          154    .text               gpio.lib(gpio.o)
    0x00000f2c   0x00000024   Code   RO          188    .text               mc_w.l(init.o)
    0x00000f50   0x0000000e   Code   RO          192    i.__scatterload_copy  mc_w.l(handlers.o)
    0x00000f5e   0x00000002   Code   RO          193    i.__scatterload_null  mc_w.l(handlers.o)
    0x00000f60   0x0000000e   Code   RO          194    i.__scatterload_zeroinit  mc_w.l(handlers.o)
    0x00000f6e   0x00000002   PAD
    0x00000f70   0x00000020   Data   RO          190    Region$$Table       anon$$obj.o


    Execution Region RW_IRAM (Base: 0x20000000, Size: 0x000010a0, Max: 0x00010000, ABSOLUTE)

    Base Addr    Size         Type   Attr      Idx    E Section Name        Object

    0x20000000   0x00000052   Data   RW           13    .data               main.o
    0x20000052   0x00000002   PAD
    0x20000054   0x00000028   Data   RW           61    .data               systick.o
    0x2000007c   0x00000019   Data   RW           77    .data               timer.o
    0x20000095   0x00000003   PAD
    0x20000098   0x00000004   Data   RW          112    .data               uart.o
    0x2000009c   0x00000004   PAD
    0x200000a0   0x00001000   Zero   RW            1    STACK               startup.o


==============================================================================

Image component sizes


      Code (inc. data)   RO Data    RW Data    ZI Data      Debug   Object Name

      1380        212          0         82          0      11713   main.o
       252        242          0          0       4096        236   startup.o
        96          6          0         40          0       2196   systick.o
       740         60          0         25          0       3855   timer.o
       236         16          0          4          0       1816   uart.o
       712        120          0          0          0       1010   xbee.o

    ----------------------------------------------------------------------
      3416        656         32        156       4100      20826   Object Totals
         0          0         32          0          0          0   (incl. Generated)
         0          0          0          5          4          0   (incl. Padding)

    ----------------------------------------------------------------------

      Code (inc. data)   RO Data    RW Data    ZI Data      Debug   Library Member Name

       308         16          0          0          0       5911   gpio.o
         0          0          0          0          0          0   entry.o
         8          4          0          0          0          0   entry2.o
         4          0          0          0          0          0   entry5.o
         0          0          0          0          0          0   entry7b.o
         8          4          0          0          0          0   entry8.o
        30          0          0          0          0          0   handlers.o
        36          8          0          0          0         68   init.o
       140          6          0          0          0        451   pll.o

    ----------------------------------------------------------------------
       536         38          0          0          0       6430   Library Totals
         2          0          0          0          0          0   (incl. Padding)

    ----------------------------------------------------------------------

      Code (inc. data)   RO Data    RW Data    ZI Data      Debug   Library Name

       308         16          0          0          0       5911   gpio.lib
        86         16          0          0          0         68   mc_w.l
       140          6          0          0          0        451   pll.lib

    ----------------------------------------------------------------------
       536         38          0          0          0       6430   Library Totals

    ----------------------------------------------------------------------

==============================================================================


      Code (inc. data)   RO Data    RW Data    ZI Data      Debug   

      3952        694         32        156       4100      26556   Grand Totals
      3952        694         32        156       4100      26556   ELF Image Totals
      3952        694         32        156          0          0   ROM Totals

==============================================================================

    Total RO  Size (Code + RO Data)                 3984 (   3.89kB)
    Total RW  Size (RW Data + ZI Data)              4256 (   4.16kB)
    Total ROM Size (Code + RO Data + RW Data)       4140 (   4.04kB)

==============================================================================

