ARM Linker, 4.1 [Build 894] [Evaluation]

==============================================================================

Section Cross References

    startup.o(RESET) refers to startup.o(STACK) for StackMem
    startup.o(RESET) refers to systick.o(.text) for SYSTICKIntHandler
    startup.o(RESET) refers to gpiohandler.o(.text) for Motor0Handler
    startup.o(RESET) refers to timer.o(.text) for Timer0Handler
    startup.o(RESET) refers to entry.o(.ARM.Collect$$$$00000000) for __main
    main.o(.text) refers to pll.o(.text) for PLL_Init
    main.o(.text) refers to gpio.o(.text) for initializeGPIOPort
    main.o(.text) refers to uart.o(.text) for initUART
    main.o(.text) refers to systick.o(.text) for initializeSysTick
    main.o(.text) refers to timer.o(.text) for initializeTimer0
    main.o(.text) refers to gpiohandler.o(.text) for initMotor0Int
    main.o(.text) refers to systick.o(.data) for dataValue
    main.o(.text) refers to main.o(.data) for portA_config
    main.o(.text) refers to xbee.o(.text) for checkUART
    main.o(.text) refers to sensor.o(.text) for checkOpticalSensor
    main.o(.text) refers to xbee.o(.data) for YANALOG
    main.o(.text) refers to timer.o(.data) for opticalCheck
    systick.o(.text) refers to main.o(.text) for checkDutyCycle
    systick.o(.text) refers to systick.o(.data) for distanceCount
    systick.o(.text) refers to sensor.o(.data) for frontDistance
    systick.o(.text) refers to xbee.o(.data) for autonomous
    systick.o(.text) refers to gpiohandler.o(.data) for M0_SA
    timer.o(.text) refers to timer.o(.data) for timeCounter
    timer.o(.text) refers to main.o(.data) for finalDistance0
    sensor.o(.text) refers to main.o(.text) for GetADC1val
    sensor.o(.text) refers to sensor.o(.data) for avgCountU0
    sensor.o(.text) refers to main.o(.data) for finalDistance0
    sensor.o(.text) refers to timer.o(.data) for opticalCheck
    uart.o(.text) refers to uart.o(.data) for i
    xbee.o(.text) refers to uart.o(.text) for uartTxPoll
    xbee.o(.text) refers to xbee.o(.data) for autonomous
    xbee.o(.text) refers to systick.o(.data) for stop
    gpiohandler.o(.text) refers to gpiohandler.o(.data) for myPort
    entry.o(.ARM.Collect$$$$00000000) refers (Special) to entry7b.o(.ARM.Collect$$$$00000008) for _main_clock
    entry.o(.ARM.Collect$$$$00000000) refers (Special) to entry8.o(.ARM.Collect$$$$00000009) for _main_init
    entry.o(.ARM.Collect$$$$00000000) refers (Special) to entry5.o(.ARM.Collect$$$$00000004) for _main_scatterload
    entry.o(.ARM.Collect$$$$00000000) refers (Special) to entry2.o(.ARM.Collect$$$$00000001) for _main_stk
    entry2.o(.ARM.Collect$$$$00000001) refers to entry2.o(.ARM.Collect$$$$00002712) for __lit__00000000
    entry2.o(.ARM.Collect$$$$00002712) refers to startup.o(STACK) for __initial_sp
    entry2.o(__vectab_stack_and_reset_area) refers to startup.o(STACK) for __initial_sp
    entry2.o(__vectab_stack_and_reset_area) refers to entry.o(.ARM.Collect$$$$00000000) for __main
    entry5.o(.ARM.Collect$$$$00000004) refers to init.o(.text) for __scatterload
    entry8.o(.ARM.Collect$$$$00000009) refers to main.o(.text) for main
    init.o(.text) refers to entry5.o(.ARM.Collect$$$$00000004) for __main_after_scatterload


==============================================================================

Removing Unused input sections from the image.

    Removing startup.o(HEAP), (4096 bytes).
    Removing startup.o(.text), (28 bytes).
    Removing main.o(.bss), (80 bytes).
    Removing gpiohandler.o(.bss), (40 bytes).

4 unused section(s) (total 4244 bytes) removed from the image.

==============================================================================

Image Symbol Table

    Local Symbols

    Symbol Name                              Value     Ov Type        Size  Object(Section)

    RESET                                    0x00000000   Section      252  startup.o(RESET)
    ../../microlib/init/entry.s              0x00000000   Number         0  entry8.o ABSOLUTE
    ../../microlib/init/entry.s              0x00000000   Number         0  entry7b.o ABSOLUTE
    ../../microlib/init/entry.s              0x00000000   Number         0  entry7a.o ABSOLUTE
    ../../microlib/init/entry.s              0x00000000   Number         0  entry5.o ABSOLUTE
    ../../microlib/init/entry.s              0x00000000   Number         0  entry2.o ABSOLUTE
    ../../microlib/init/entry.s              0x00000000   Number         0  entry.o ABSOLUTE
    PLL.c                                    0x00000000   Number         0  pll.o ABSOLUTE
    Sensor.c                                 0x00000000   Number         0  sensor.o ABSOLUTE
    Startup.s                                0x00000000   Number         0  startup.o ABSOLUTE
    dc.s                                     0x00000000   Number         0  dc.o ABSOLUTE
    gpio.c                                   0x00000000   Number         0  gpio.o ABSOLUTE
    gpioHandler.c                            0x00000000   Number         0  gpiohandler.o ABSOLUTE
    handlers.s                               0x00000000   Number         0  handlers.o ABSOLUTE
    init.s                                   0x00000000   Number         0  init.o ABSOLUTE
    main.c                                   0x00000000   Number         0  main.o ABSOLUTE
    systick.c                                0x00000000   Number         0  systick.o ABSOLUTE
    timer.c                                  0x00000000   Number         0  timer.o ABSOLUTE
    uart.c                                   0x00000000   Number         0  uart.o ABSOLUTE
    xbee.c                                   0x00000000   Number         0  xbee.o ABSOLUTE
    $v0                                      0x000000f0   Number         0  startup.o(RESET)
    NmiSR                                    0x000000f5   Thumb Code     0  startup.o(RESET)
    FaultISR                                 0x000000f7   Thumb Code     0  startup.o(RESET)
    IntDefaultHandler                        0x000000f9   Thumb Code     0  startup.o(RESET)
    .ARM.Collect$$$$00000000                 0x000000fc   Section        0  entry.o(.ARM.Collect$$$$00000000)
    .ARM.Collect$$$$00000001                 0x000000fc   Section        4  entry2.o(.ARM.Collect$$$$00000001)
    .ARM.Collect$$$$00000004                 0x00000100   Section        4  entry5.o(.ARM.Collect$$$$00000004)
    .ARM.Collect$$$$00000008                 0x00000104   Section        0  entry7b.o(.ARM.Collect$$$$00000008)
    .ARM.Collect$$$$00000009                 0x00000104   Section        8  entry8.o(.ARM.Collect$$$$00000009)
    .ARM.Collect$$$$00002712                 0x0000010c   Section        4  entry2.o(.ARM.Collect$$$$00002712)
    __lit__00000000                          0x0000010c   Data           4  entry2.o(.ARM.Collect$$$$00002712)
    .text                                    0x00000110   Section        0  main.o(.text)
    .text                                    0x000005f0   Section        0  systick.o(.text)
    .text                                    0x00000984   Section        0  timer.o(.text)
    .text                                    0x00000c68   Section        0  sensor.o(.text)
    .text                                    0x00000d9c   Section        0  uart.o(.text)
    .text                                    0x00000e88   Section        0  xbee.o(.text)
    .text                                    0x0000121c   Section        0  gpiohandler.o(.text)
    .text                                    0x0000130c   Section        0  pll.o(.text)
    .text                                    0x00001398   Section        0  gpio.o(.text)
    .text                                    0x000014cc   Section       36  init.o(.text)
    i.__scatterload_copy                     0x000014f0   Section       14  handlers.o(i.__scatterload_copy)
    i.__scatterload_null                     0x000014fe   Section        2  handlers.o(i.__scatterload_null)
    i.__scatterload_zeroinit                 0x00001500   Section       14  handlers.o(i.__scatterload_zeroinit)
    .data                                    0x20000000   Section       72  main.o(.data)
    .data                                    0x20000048   Section       52  systick.o(.data)
    turnCount                                0x2000006c   Data           4  systick.o(.data)
    sysCounter                               0x20000070   Data           4  systick.o(.data)
    drive10feet                              0x20000074   Data           4  systick.o(.data)
    feetCount                                0x20000078   Data           4  systick.o(.data)
    .data                                    0x2000007c   Section       25  timer.o(.data)
    requested0                               0x20000088   Data           1  timer.o(.data)
    requested1                               0x20000089   Data           1  timer.o(.data)
    count0                                   0x2000008c   Data           4  timer.o(.data)
    count1                                   0x20000090   Data           4  timer.o(.data)
    .data                                    0x20000098   Section       32  sensor.o(.data)
    avgDistanceU0                            0x200000a4   Data           4  sensor.o(.data)
    avgCountU0                               0x200000a8   Data           4  sensor.o(.data)
    avgDistanceU1                            0x200000ac   Data           4  sensor.o(.data)
    avgCountU1                               0x200000b0   Data           4  sensor.o(.data)
    avgDistanceOpt                           0x200000b4   Data           4  sensor.o(.data)
    .data                                    0x200000b8   Section        4  uart.o(.data)
    .data                                    0x200000bc   Section        4  xbee.o(.data)
    .data                                    0x200000c0   Section       20  gpiohandler.o(.data)
    STACK                                    0x200000d8   Section     4096  startup.o(STACK)
    StackMem                                 0x200000d8   Data           0  startup.o(STACK)

    Global Symbols

    Symbol Name                              Value     Ov Type        Size  Object(Section)

    BuildAttributes$$THM_ISAv4$E$P$D$K$B$S$7EM$VFPi3$EXTD16$VFPS$VFMA$PE$A:L22UL41UL21$X:L11$S22US41US21$IEEE1$IW$USESV6$~STKCKD$USESV7$~SHL$OSPACE$EBA8$MICROLIB$REQ8$PRES8$EABIv2 0x00000000   Number         0  anon$$obj.o ABSOLUTE
    __ARM_use_no_argv                        0x00000000   Number         0  main.o ABSOLUTE
    __Vectors                                0x00000000   Data           0  startup.o(RESET)
    __decompress                              - Undefined Weak Reference
    _clock_init                               - Undefined Weak Reference
    Reset_Handler                            0x000000f1   Thumb Code     0  startup.o(RESET)
    __main                                   0x000000fd   Thumb Code     0  entry.o(.ARM.Collect$$$$00000000)
    _main_stk                                0x000000fd   Thumb Code     0  entry2.o(.ARM.Collect$$$$00000001)
    _main_scatterload                        0x00000101   Thumb Code     0  entry5.o(.ARM.Collect$$$$00000004)
    __main_after_scatterload                 0x00000105   Thumb Code     0  entry5.o(.ARM.Collect$$$$00000004)
    _main_clock                              0x00000105   Thumb Code     0  entry7b.o(.ARM.Collect$$$$00000008)
    _main_init                               0x00000105   Thumb Code     0  entry8.o(.ARM.Collect$$$$00000009)
    GetADCval                                0x00000111   Thumb Code    54  main.o(.text)
    GetADC1val                               0x00000147   Thumb Code    42  main.o(.text)
    initializeADC                            0x00000171   Thumb Code   112  main.o(.text)
    initializeADC1                           0x000001e1   Thumb Code   122  main.o(.text)
    gpioPortInit                             0x0000025b   Thumb Code   314  main.o(.text)
    checkDutyCycle                           0x00000395   Thumb Code    78  main.o(.text)
    setDirection                             0x000003e3   Thumb Code   112  main.o(.text)
    main                                     0x00000453   Thumb Code   382  main.o(.text)
    SYSTICKIntHandler                        0x000005f1   Thumb Code   768  systick.o(.text)
    initializeSysTick                        0x000008f1   Thumb Code    48  systick.o(.text)
    Timer0Handler                            0x00000985   Thumb Code   464  timer.o(.text)
    Timer1Handler                            0x00000b55   Thumb Code    12  timer.o(.text)
    initializeTimer0                         0x00000b61   Thumb Code   102  timer.o(.text)
    initializeTimer1                         0x00000bc7   Thumb Code   102  timer.o(.text)
    checkUltrasonicSensor0                   0x00000c69   Thumb Code   108  sensor.o(.text)
    checkUltrasonicSensor1                   0x00000cd5   Thumb Code   108  sensor.o(.text)
    checkOpticalSensor                       0x00000d41   Thumb Code    48  sensor.o(.text)
    initUART                                 0x00000d9d   Thumb Code   132  uart.o(.text)
    uartRxPoll                               0x00000e21   Thumb Code    42  uart.o(.text)
    uartTxPoll                               0x00000e4b   Thumb Code    30  uart.o(.text)
    uartTxPollChar                           0x00000e69   Thumb Code    16  uart.o(.text)
    configXBEE                               0x00000e89   Thumb Code   504  xbee.o(.text)
    checkUART                                0x00001081   Thumb Code   242  xbee.o(.text)
    Motor0Handler                            0x0000121d   Thumb Code   116  gpiohandler.o(.text)
    initMotor0Int                            0x00001291   Thumb Code    94  gpiohandler.o(.text)
    PLL_Init                                 0x0000130d   Thumb Code   134  pll.o(.text)
    initializeGPIOPort                       0x00001399   Thumb Code   272  gpio.o(.text)
    GPIOPortButtonPressed                    0x000014a9   Thumb Code    20  gpio.o(.text)
    __scatterload                            0x000014cd   Thumb Code    28  init.o(.text)
    __scatterload_rt2                        0x000014cd   Thumb Code     0  init.o(.text)
    __scatterload_copy                       0x000014f1   Thumb Code    14  handlers.o(i.__scatterload_copy)
    __scatterload_null                       0x000014ff   Thumb Code     2  handlers.o(i.__scatterload_null)
    __scatterload_zeroinit                   0x00001501   Thumb Code    14  handlers.o(i.__scatterload_zeroinit)
    Region$$Table$$Base                      0x00001510   Number         0  anon$$obj.o(Region$$Table)
    Region$$Table$$Limit                     0x00001530   Number         0  anon$$obj.o(Region$$Table)
    portA_config                             0x20000000   Data          20  main.o(.data)
    portC_config                             0x20000014   Data          20  main.o(.data)
    UART0_config                             0x20000028   Data          24  main.o(.data)
    finalDistance0                           0x20000040   Data           4  main.o(.data)
    finalDistance1                           0x20000044   Data           4  main.o(.data)
    MotorDutyCycle                           0x20000048   Data           4  systick.o(.data)
    MotorDutyCycle2                          0x2000004c   Data           4  systick.o(.data)
    dataValue                                0x20000050   Data           4  systick.o(.data)
    checkDistance                            0x20000054   Data           1  systick.o(.data)
    checkDistance2                           0x20000055   Data           1  systick.o(.data)
    distanceCount                            0x20000058   Data           4  systick.o(.data)
    distanceCount2                           0x2000005c   Data           4  systick.o(.data)
    turn180                                  0x20000060   Data           1  systick.o(.data)
    turn90Left                               0x20000061   Data           1  systick.o(.data)
    turn90Right                              0x20000062   Data           1  systick.o(.data)
    stop                                     0x20000063   Data           1  systick.o(.data)
    objectAhead                              0x20000064   Data           1  systick.o(.data)
    straight3Feet                            0x20000065   Data           1  systick.o(.data)
    myPortF                                  0x20000068   Data           4  systick.o(.data)
    timeCounter                              0x2000007c   Data           4  timer.o(.data)
    GpioPortB                                0x20000080   Data           4  timer.o(.data)
    GpioPortE                                0x20000084   Data           4  timer.o(.data)
    opticalCheck                             0x20000094   Data           1  timer.o(.data)
    frontDistance                            0x20000098   Data           4  sensor.o(.data)
    leftDistance                             0x2000009c   Data           4  sensor.o(.data)
    rightDistance                            0x200000a0   Data           4  sensor.o(.data)
    i                                        0x200000b8   Data           4  uart.o(.data)
    autonomous                               0x200000bc   Data           1  xbee.o(.data)
    recentered                               0x200000bd   Data           1  xbee.o(.data)
    XANALOG                                  0x200000be   Data           1  xbee.o(.data)
    YANALOG                                  0x200000bf   Data           1  xbee.o(.data)
    M0_SA                                    0x200000c0   Data           4  gpiohandler.o(.data)
    M0_SB                                    0x200000c4   Data           4  gpiohandler.o(.data)
    M1_SA                                    0x200000c8   Data           4  gpiohandler.o(.data)
    M1_SB                                    0x200000cc   Data           4  gpiohandler.o(.data)
    myPort                                   0x200000d0   Data           4  gpiohandler.o(.data)
    __initial_sp                             0x200010d8   Data           0  startup.o(STACK)



==============================================================================

Memory Map of the image

  Image Entry point : 0x000000fd

  Load Region LR_IROM (Base: 0x00000000, Size: 0x00001604, Max: 0x00040000, ABSOLUTE)

    Execution Region ER_IROM (Base: 0x00000000, Size: 0x00001530, Max: 0x00040000, ABSOLUTE)

    Base Addr    Size         Type   Attr      Idx    E Section Name        Object

    0x00000000   0x000000fc   Code   RO            3    RESET               startup.o
    0x000000fc   0x00000000   Code   RO          197  * .ARM.Collect$$$$00000000  mc_w.l(entry.o)
    0x000000fc   0x00000004   Code   RO          200    .ARM.Collect$$$$00000001  mc_w.l(entry2.o)
    0x00000100   0x00000004   Code   RO          203    .ARM.Collect$$$$00000004  mc_w.l(entry5.o)
    0x00000104   0x00000000   Code   RO          205    .ARM.Collect$$$$00000008  mc_w.l(entry7b.o)
    0x00000104   0x00000008   Code   RO          206    .ARM.Collect$$$$00000009  mc_w.l(entry8.o)
    0x0000010c   0x00000004   Code   RO          201    .ARM.Collect$$$$00002712  mc_w.l(entry2.o)
    0x00000110   0x000004e0   Code   RO           11    .text               main.o
    0x000005f0   0x00000394   Code   RO           60    .text               systick.o
    0x00000984   0x000002e4   Code   RO           76    .text               timer.o
    0x00000c68   0x00000134   Code   RO           95    .text               sensor.o
    0x00000d9c   0x000000ec   Code   RO          111    .text               uart.o
    0x00000e88   0x00000394   Code   RO          126    .text               xbee.o
    0x0000121c   0x000000f0   Code   RO          142    .text               gpiohandler.o
    0x0000130c   0x0000008c   Code   RO          158    .text               pll.lib(pll.o)
    0x00001398   0x00000134   Code   RO          173    .text               gpio.lib(gpio.o)
    0x000014cc   0x00000024   Code   RO          207    .text               mc_w.l(init.o)
    0x000014f0   0x0000000e   Code   RO          211    i.__scatterload_copy  mc_w.l(handlers.o)
    0x000014fe   0x00000002   Code   RO          212    i.__scatterload_null  mc_w.l(handlers.o)
    0x00001500   0x0000000e   Code   RO          213    i.__scatterload_zeroinit  mc_w.l(handlers.o)
    0x0000150e   0x00000002   PAD
    0x00001510   0x00000020   Data   RO          209    Region$$Table       anon$$obj.o


    Execution Region RW_IRAM (Base: 0x20000000, Size: 0x000010d8, Max: 0x00010000, ABSOLUTE)

    Base Addr    Size         Type   Attr      Idx    E Section Name        Object

    0x20000000   0x00000048   Data   RW           13    .data               main.o
    0x20000048   0x00000034   Data   RW           61    .data               systick.o
    0x2000007c   0x00000019   Data   RW           77    .data               timer.o
    0x20000095   0x00000003   PAD
    0x20000098   0x00000020   Data   RW           96    .data               sensor.o
    0x200000b8   0x00000004   Data   RW          112    .data               uart.o
    0x200000bc   0x00000004   Data   RW          127    .data               xbee.o
    0x200000c0   0x00000014   Data   RW          144    .data               gpiohandler.o
    0x200000d4   0x00000004   PAD
    0x200000d8   0x00001000   Zero   RW            1    STACK               startup.o


==============================================================================

Image component sizes


      Code (inc. data)   RO Data    RW Data    ZI Data      Debug   Object Name

       240         30          0         20          0       1583   gpiohandler.o
      1248        156          0         72          0      11225   main.o
       308         44          0         32          0       1302   sensor.o
       252        242          0          0       4096        228   startup.o
       916        100          0         52          0       2920   systick.o
       740         60          0         25          0       3763   timer.o
       236         16          0          4          0       1800   uart.o
       916        170          0          4          0       1953   xbee.o

    ----------------------------------------------------------------------
      4856        818         32        212       4100      24774   Object Totals
         0          0         32          0          0          0   (incl. Generated)
         0          0          0          3          4          0   (incl. Padding)

    ----------------------------------------------------------------------

      Code (inc. data)   RO Data    RW Data    ZI Data      Debug   Library Member Name

       308         16          0          0          0       5911   gpio.o
         0          0          0          0          0          0   entry.o
         8          4          0          0          0          0   entry2.o
         4          0          0          0          0          0   entry5.o
         0          0          0          0          0          0   entry7b.o
         8          4          0          0          0          0   entry8.o
        30          0          0          0          0          0   handlers.o
        36          8          0          0          0         68   init.o
       140          6          0          0          0        451   pll.o

    ----------------------------------------------------------------------
       536         38          0          0          0       6430   Library Totals
         2          0          0          0          0          0   (incl. Padding)

    ----------------------------------------------------------------------

      Code (inc. data)   RO Data    RW Data    ZI Data      Debug   Library Name

       308         16          0          0          0       5911   gpio.lib
        86         16          0          0          0         68   mc_w.l
       140          6          0          0          0        451   pll.lib

    ----------------------------------------------------------------------
       536         38          0          0          0       6430   Library Totals

    ----------------------------------------------------------------------

==============================================================================


      Code (inc. data)   RO Data    RW Data    ZI Data      Debug   

      5392        856         32        212       4100      30204   Grand Totals
      5392        856         32        212       4100      30204   ELF Image Totals
      5392        856         32        212          0          0   ROM Totals

==============================================================================

    Total RO  Size (Code + RO Data)                 5424 (   5.30kB)
    Total RW  Size (RW Data + ZI Data)              4312 (   4.21kB)
    Total ROM Size (Code + RO Data + RW Data)       5636 (   5.50kB)

==============================================================================

