<html>
<body>
<pre>
<h1>µVision Build Log</h1>
<h2>Project:</h2>
I:\315\Project - Revision 6\Final Revision\Code_ROBOT_SLAVE\ece353_base_project.uvproj
Project File Date:  03/12/2014

<h2>Output:</h2>
Rebuild target 'base_project'
assembling Startup.s...
compiling main.c...
main.c(136): warning:  #550-D: variable "delay" was set but never used
main.c(158): warning:  #550-D: variable "delay" was set but never used
compiling systick.c...
systick.c(161): warning:  #223-D: function "checkDutyCycle" declared implicitly
systick.c(161): error:  #20: identifier "XANALOG" is undefined
systick.c(170): warning:  #223-D: function "checkDutyCycle" declared implicitly
systick.c(170): error:  #20: identifier "XANALOG" is undefined
systick.c(74): warning:  #550-D: variable "temp" was set but never used
compiling timer.c...
timer.c(120): warning:  #550-D: variable "wait" was set but never used
timer.c(138): warning:  #550-D: variable "wait" was set but never used
compiling Sensor.c...
Sensor.c(118): warning:  #68-D: integer conversion resulted in a change of sign
Sensor.c(118): warning:  #68-D: integer conversion resulted in a change of sign
compiling uart.c...
uart.c(21): warning:  #550-D: variable "delay" was set but never used
compiling xbee.c...
compiling gpioHandler.c...
Target not created
Rebuild target 'base_project'
assembling Startup.s...
compiling main.c...
main.c(136): warning:  #550-D: variable "delay" was set but never used
main.c(158): warning:  #550-D: variable "delay" was set but never used
compiling systick.c...
systick.c(163): warning:  #223-D: function "checkDutyCycle" declared implicitly
systick.c(172): warning:  #223-D: function "checkDutyCycle" declared implicitly
systick.c(76): warning:  #550-D: variable "temp" was set but never used
compiling timer.c...
timer.c(120): warning:  #550-D: variable "wait" was set but never used
timer.c(138): warning:  #550-D: variable "wait" was set but never used
compiling Sensor.c...
Sensor.c(118): warning:  #68-D: integer conversion resulted in a change of sign
Sensor.c(118): warning:  #68-D: integer conversion resulted in a change of sign
compiling uart.c...
uart.c(21): warning:  #550-D: variable "delay" was set but never used
compiling xbee.c...
compiling gpioHandler.c...
linking...
Program Size: Code=5384 RO-data=32 RW-data=212 ZI-data=4100  
"ece353_base_project.axf" - 0 Error(s), 10 Warning(s).
Load "I:\\315\\Project - Revision 6\\Final Revision\\Code_ROBOT_SLAVE\\ece353_base_project.AXF" 
Connecting: Mode=JTAG, Speed=1000000Hz
Erase Done.
Programming Done.
Verify OK.
Rebuild target 'base_project'
assembling Startup.s...
compiling main.c...
main.c(136): warning:  #550-D: variable "delay" was set but never used
main.c(158): warning:  #550-D: variable "delay" was set but never used
compiling systick.c...
systick.c(168): warning:  #167-D: argument of type "volatile uint32_t *" is incompatible with parameter of type "uint32_t *"
systick.c(177): warning:  #167-D: argument of type "volatile uint32_t *" is incompatible with parameter of type "uint32_t *"
systick.c(81): warning:  #550-D: variable "temp" was set but never used
compiling timer.c...
timer.c(120): warning:  #550-D: variable "wait" was set but never used
timer.c(138): warning:  #550-D: variable "wait" was set but never used
compiling Sensor.c...
Sensor.c(118): warning:  #68-D: integer conversion resulted in a change of sign
Sensor.c(118): warning:  #68-D: integer conversion resulted in a change of sign
compiling uart.c...
uart.c(21): warning:  #550-D: variable "delay" was set but never used
compiling xbee.c...
compiling gpioHandler.c...
linking...
Program Size: Code=5384 RO-data=32 RW-data=212 ZI-data=4100  
"ece353_base_project.axf" - 0 Error(s), 10 Warning(s).
Rebuild target 'base_project'
assembling Startup.s...
compiling main.c...
main.c(136): warning:  #550-D: variable "delay" was set but never used
main.c(158): warning:  #550-D: variable "delay" was set but never used
compiling systick.c...
systick.c(168): warning:  #167-D: argument of type "volatile uint32_t *" is incompatible with parameter of type "uint32_t *"
systick.c(177): warning:  #167-D: argument of type "volatile uint32_t *" is incompatible with parameter of type "uint32_t *"
systick.c(81): warning:  #550-D: variable "temp" was set but never used
compiling timer.c...
timer.c(120): warning:  #550-D: variable "wait" was set but never used
timer.c(138): warning:  #550-D: variable "wait" was set but never used
compiling Sensor.c...
Sensor.c(118): warning:  #68-D: integer conversion resulted in a change of sign
Sensor.c(118): warning:  #68-D: integer conversion resulted in a change of sign
compiling uart.c...
uart.c(21): warning:  #550-D: variable "delay" was set but never used
compiling xbee.c...
compiling gpioHandler.c...
linking...
Program Size: Code=5384 RO-data=32 RW-data=212 ZI-data=4100  
"ece353_base_project.axf" - 0 Error(s), 10 Warning(s).
Rebuild target 'base_project'
assembling Startup.s...
compiling main.c...
main.c(136): warning:  #550-D: variable "delay" was set but never used
main.c(158): warning:  #550-D: variable "delay" was set but never used
compiling systick.c...
systick.c(168): error:  #167: argument of type "volatile uint32_t *" is incompatible with parameter of type "uint32_t"
systick.c(177): error:  #167: argument of type "volatile uint32_t *" is incompatible with parameter of type "uint32_t"
systick.c(81): warning:  #550-D: variable "temp" was set but never used
compiling timer.c...
timer.c(120): warning:  #550-D: variable "wait" was set but never used
timer.c(138): warning:  #550-D: variable "wait" was set but never used
compiling Sensor.c...
Sensor.c(118): warning:  #68-D: integer conversion resulted in a change of sign
Sensor.c(118): warning:  #68-D: integer conversion resulted in a change of sign
compiling uart.c...
uart.c(21): warning:  #550-D: variable "delay" was set but never used
compiling xbee.c...
compiling gpioHandler.c...
Target not created
Rebuild target 'base_project'
assembling Startup.s...
compiling main.c...
main.c(136): warning:  #550-D: variable "delay" was set but never used
main.c(158): warning:  #550-D: variable "delay" was set but never used
compiling systick.c...
systick.c(168): warning:  #167-D: argument of type "volatile uint32_t *" is incompatible with parameter of type "uint32_t *"
systick.c(177): warning:  #167-D: argument of type "volatile uint32_t *" is incompatible with parameter of type "uint32_t *"
systick.c(81): warning:  #550-D: variable "temp" was set but never used
compiling timer.c...
timer.c(120): warning:  #550-D: variable "wait" was set but never used
timer.c(138): warning:  #550-D: variable "wait" was set but never used
compiling Sensor.c...
Sensor.c(118): warning:  #68-D: integer conversion resulted in a change of sign
Sensor.c(118): warning:  #68-D: integer conversion resulted in a change of sign
compiling uart.c...
uart.c(21): warning:  #550-D: variable "delay" was set but never used
compiling xbee.c...
compiling gpioHandler.c...
linking...
Program Size: Code=5384 RO-data=32 RW-data=212 ZI-data=4100  
"ece353_base_project.axf" - 0 Error(s), 10 Warning(s).
Rebuild target 'base_project'
assembling Startup.s...
compiling main.c...
main.c(136): warning:  #550-D: variable "delay" was set but never used
main.c(158): warning:  #550-D: variable "delay" was set but never used
compiling systick.c...
systick.c(81): warning:  #550-D: variable "temp" was set but never used
compiling timer.c...
timer.c(120): warning:  #550-D: variable "wait" was set but never used
timer.c(138): warning:  #550-D: variable "wait" was set but never used
compiling Sensor.c...
Sensor.c(118): warning:  #68-D: integer conversion resulted in a change of sign
Sensor.c(118): warning:  #68-D: integer conversion resulted in a change of sign
compiling uart.c...
uart.c(21): warning:  #550-D: variable "delay" was set but never used
compiling xbee.c...
compiling gpioHandler.c...
linking...
Program Size: Code=5384 RO-data=32 RW-data=212 ZI-data=4100  
"ece353_base_project.axf" - 0 Error(s), 8 Warning(s).
Load "I:\\315\\Project - Revision 6\\Final Revision\\Code_ROBOT_SLAVE\\ece353_base_project.AXF" 
Connecting: Mode=JTAG, Speed=1000000Hz
Erase Done.
Programming Done.
Verify OK.
Rebuild target 'base_project'
assembling Startup.s...
compiling main.c...
main.c(136): warning:  #550-D: variable "delay" was set but never used
main.c(158): warning:  #550-D: variable "delay" was set but never used
compiling systick.c...
systick.c(80): warning:  #550-D: variable "temp" was set but never used
compiling timer.c...
timer.c(120): warning:  #550-D: variable "wait" was set but never used
timer.c(138): warning:  #550-D: variable "wait" was set but never used
compiling Sensor.c...
Sensor.c(118): warning:  #68-D: integer conversion resulted in a change of sign
Sensor.c(118): warning:  #68-D: integer conversion resulted in a change of sign
compiling uart.c...
uart.c(21): warning:  #550-D: variable "delay" was set but never used
compiling xbee.c...
compiling gpioHandler.c...
linking...
Program Size: Code=5392 RO-data=32 RW-data=212 ZI-data=4100  
"ece353_base_project.axf" - 0 Error(s), 8 Warning(s).
Rebuild target 'base_project'
assembling Startup.s...
compiling main.c...
main.c(136): warning:  #550-D: variable "delay" was set but never used
main.c(158): warning:  #550-D: variable "delay" was set but never used
compiling systick.c...
systick.c(80): warning:  #550-D: variable "temp" was set but never used
compiling timer.c...
timer.c(120): warning:  #550-D: variable "wait" was set but never used
timer.c(138): warning:  #550-D: variable "wait" was set but never used
compiling Sensor.c...
Sensor.c(118): warning:  #68-D: integer conversion resulted in a change of sign
Sensor.c(118): warning:  #68-D: integer conversion resulted in a change of sign
compiling uart.c...
uart.c(21): warning:  #550-D: variable "delay" was set but never used
compiling xbee.c...
compiling gpioHandler.c...
linking...
Program Size: Code=5392 RO-data=32 RW-data=212 ZI-data=4100  
"ece353_base_project.axf" - 0 Error(s), 8 Warning(s).
Load "I:\\315\\Project - Revision 6\\Final Revision\\Code_ROBOT_SLAVE\\ece353_base_project.AXF" 
Connecting: Mode=JTAG, Speed=1000000Hz
Erase Done.
Programming Done.
Verify OK.
Rebuild target 'base_project'
assembling Startup.s...
compiling main.c...
main.c(136): warning:  #550-D: variable "delay" was set but never used
main.c(158): warning:  #550-D: variable "delay" was set but never used
compiling systick.c...
systick.c(80): warning:  #550-D: variable "temp" was set but never used
compiling timer.c...
timer.c(120): warning:  #550-D: variable "wait" was set but never used
timer.c(138): warning:  #550-D: variable "wait" was set but never used
compiling Sensor.c...
Sensor.c(118): warning:  #68-D: integer conversion resulted in a change of sign
Sensor.c(118): warning:  #68-D: integer conversion resulted in a change of sign
compiling uart.c...
uart.c(21): warning:  #550-D: variable "delay" was set but never used
compiling xbee.c...
compiling gpioHandler.c...
linking...
Program Size: Code=5400 RO-data=32 RW-data=212 ZI-data=4100  
"ece353_base_project.axf" - 0 Error(s), 8 Warning(s).
Rebuild target 'base_project'
assembling Startup.s...
compiling main.c...
main.c(136): warning:  #550-D: variable "delay" was set but never used
main.c(158): warning:  #550-D: variable "delay" was set but never used
compiling systick.c...
systick.c(80): warning:  #550-D: variable "temp" was set but never used
compiling timer.c...
timer.c(120): warning:  #550-D: variable "wait" was set but never used
timer.c(138): warning:  #550-D: variable "wait" was set but never used
compiling Sensor.c...
Sensor.c(118): warning:  #68-D: integer conversion resulted in a change of sign
Sensor.c(118): warning:  #68-D: integer conversion resulted in a change of sign
compiling uart.c...
uart.c(21): warning:  #550-D: variable "delay" was set but never used
compiling xbee.c...
compiling gpioHandler.c...
linking...
Program Size: Code=5428 RO-data=32 RW-data=212 ZI-data=4100  
"ece353_base_project.axf" - 0 Error(s), 8 Warning(s).
Load "I:\\315\\Project - Revision 6\\Final Revision\\Code_ROBOT_SLAVE\\ece353_base_project.AXF" 
Connecting: Mode=JTAG, Speed=1000000Hz
Erase Done.
Programming Done.
Verify OK.
Rebuild target 'base_project'
assembling Startup.s...
compiling main.c...
main.c(136): warning:  #550-D: variable "delay" was set but never used
main.c(158): warning:  #550-D: variable "delay" was set but never used
compiling systick.c...
systick.c(80): warning:  #550-D: variable "temp" was set but never used
compiling timer.c...
timer.c(120): warning:  #550-D: variable "wait" was set but never used
timer.c(138): warning:  #550-D: variable "wait" was set but never used
compiling Sensor.c...
Sensor.c(118): warning:  #68-D: integer conversion resulted in a change of sign
Sensor.c(118): warning:  #68-D: integer conversion resulted in a change of sign
compiling uart.c...
uart.c(21): warning:  #550-D: variable "delay" was set but never used
compiling xbee.c...
compiling gpioHandler.c...
linking...
Program Size: Code=5392 RO-data=32 RW-data=212 ZI-data=4100  
"ece353_base_project.axf" - 0 Error(s), 8 Warning(s).
Load "I:\\315\\Project - Revision 6\\Final Revision\\Code_ROBOT_SLAVE\\ece353_base_project.AXF" 
Connecting: Mode=JTAG, Speed=1000000Hz
Erase Done.
Programming Done.
Verify OK.
Rebuild target 'base_project'
assembling Startup.s...
compiling main.c...
main.c(136): warning:  #550-D: variable "delay" was set but never used
main.c(158): warning:  #550-D: variable "delay" was set but never used
compiling systick.c...
systick.c(80): warning:  #550-D: variable "temp" was set but never used
compiling timer.c...
timer.c(120): warning:  #550-D: variable "wait" was set but never used
timer.c(138): warning:  #550-D: variable "wait" was set but never used
compiling Sensor.c...
Sensor.c(118): warning:  #68-D: integer conversion resulted in a change of sign
Sensor.c(118): warning:  #68-D: integer conversion resulted in a change of sign
compiling uart.c...
uart.c(21): warning:  #550-D: variable "delay" was set but never used
compiling xbee.c...
compiling gpioHandler.c...
linking...
Program Size: Code=5392 RO-data=32 RW-data=212 ZI-data=4100  
"ece353_base_project.axf" - 0 Error(s), 8 Warning(s).
Load "I:\\315\\Project - Revision 6\\Final Revision\\Code_ROBOT_SLAVE\\ece353_base_project.AXF" 
Connecting: Mode=JTAG, Speed=1000000Hz
Erase Done.
Programming Done.
Verify OK.
Rebuild target 'base_project'
assembling Startup.s...
compiling main.c...
main.c(136): warning:  #550-D: variable "delay" was set but never used
main.c(158): warning:  #550-D: variable "delay" was set but never used
compiling systick.c...
systick.c(80): warning:  #550-D: variable "temp" was set but never used
compiling timer.c...
timer.c(120): warning:  #550-D: variable "wait" was set but never used
timer.c(138): warning:  #550-D: variable "wait" was set but never used
compiling Sensor.c...
Sensor.c(118): warning:  #68-D: integer conversion resulted in a change of sign
Sensor.c(118): warning:  #68-D: integer conversion resulted in a change of sign
compiling uart.c...
uart.c(21): warning:  #550-D: variable "delay" was set but never used
compiling xbee.c...
compiling gpioHandler.c...
linking...
Program Size: Code=5392 RO-data=32 RW-data=212 ZI-data=4100  
"ece353_base_project.axf" - 0 Error(s), 8 Warning(s).
Load "I:\\315\\Project - Revision 6\\Final Revision\\Code_ROBOT_SLAVE\\ece353_base_project.AXF" 
Connecting: Mode=JTAG, Speed=1000000Hz
Erase Done.
Programming Done.
Verify OK.
Rebuild target 'base_project'
assembling Startup.s...
compiling main.c...
main.c(136): warning:  #550-D: variable "delay" was set but never used
main.c(158): warning:  #550-D: variable "delay" was set but never used
compiling systick.c...
systick.c(80): warning:  #550-D: variable "temp" was set but never used
compiling timer.c...
timer.c(120): warning:  #550-D: variable "wait" was set but never used
timer.c(138): warning:  #550-D: variable "wait" was set but never used
compiling Sensor.c...
Sensor.c(118): warning:  #68-D: integer conversion resulted in a change of sign
Sensor.c(118): warning:  #68-D: integer conversion resulted in a change of sign
compiling uart.c...
uart.c(21): warning:  #550-D: variable "delay" was set but never used
compiling xbee.c...
compiling gpioHandler.c...
linking...
Program Size: Code=5392 RO-data=32 RW-data=212 ZI-data=4100  
"ece353_base_project.axf" - 0 Error(s), 8 Warning(s).
Rebuild target 'base_project'
assembling Startup.s...
compiling main.c...
main.c(136): warning:  #550-D: variable "delay" was set but never used
main.c(158): warning:  #550-D: variable "delay" was set but never used
compiling systick.c...
systick.c(80): warning:  #550-D: variable "temp" was set but never used
compiling timer.c...
timer.c(120): warning:  #550-D: variable "wait" was set but never used
timer.c(138): warning:  #550-D: variable "wait" was set but never used
compiling Sensor.c...
Sensor.c(118): warning:  #68-D: integer conversion resulted in a change of sign
Sensor.c(118): warning:  #68-D: integer conversion resulted in a change of sign
compiling uart.c...
uart.c(21): warning:  #550-D: variable "delay" was set but never used
compiling xbee.c...
compiling gpioHandler.c...
linking...
Program Size: Code=5392 RO-data=32 RW-data=212 ZI-data=4100  
"ece353_base_project.axf" - 0 Error(s), 8 Warning(s).
Load "I:\\315\\Project - Revision 6\\Final Revision\\Code_ROBOT_SLAVE\\ece353_base_project.AXF" 
Connecting: Mode=JTAG, Speed=1000000Hz
Erase Done.
Programming Done.
Verify OK.
Rebuild target 'base_project'
assembling Startup.s...
compiling main.c...
main.c(136): warning:  #550-D: variable "delay" was set but never used
main.c(158): warning:  #550-D: variable "delay" was set but never used
compiling systick.c...
systick.c(80): warning:  #550-D: variable "temp" was set but never used
compiling timer.c...
timer.c(120): warning:  #550-D: variable "wait" was set but never used
timer.c(138): warning:  #550-D: variable "wait" was set but never used
compiling Sensor.c...
Sensor.c(118): warning:  #68-D: integer conversion resulted in a change of sign
Sensor.c(118): warning:  #68-D: integer conversion resulted in a change of sign
compiling uart.c...
uart.c(21): warning:  #550-D: variable "delay" was set but never used
compiling xbee.c...
compiling gpioHandler.c...
linking...
Program Size: Code=5392 RO-data=32 RW-data=212 ZI-data=4100  
"ece353_base_project.axf" - 0 Error(s), 8 Warning(s).
Load "I:\\315\\Project - Revision 6\\Final Revision\\Code_ROBOT_SLAVE\\ece353_base_project.AXF" 
Connecting: Mode=JTAG, Speed=1000000Hz
Erase Done.
Programming Done.
Verify OK.
Rebuild target 'base_project'
assembling Startup.s...
compiling main.c...
main.c(136): warning:  #550-D: variable "delay" was set but never used
main.c(158): warning:  #550-D: variable "delay" was set but never used
compiling systick.c...
systick.c(80): warning:  #550-D: variable "temp" was set but never used
compiling timer.c...
timer.c(120): warning:  #550-D: variable "wait" was set but never used
timer.c(138): warning:  #550-D: variable "wait" was set but never used
compiling Sensor.c...
Sensor.c(118): warning:  #68-D: integer conversion resulted in a change of sign
Sensor.c(118): warning:  #68-D: integer conversion resulted in a change of sign
compiling uart.c...
uart.c(21): warning:  #550-D: variable "delay" was set but never used
compiling xbee.c...
compiling gpioHandler.c...
linking...
Program Size: Code=5392 RO-data=32 RW-data=212 ZI-data=4100  
"ece353_base_project.axf" - 0 Error(s), 8 Warning(s).
Rebuild target 'base_project'
assembling Startup.s...
compiling main.c...
main.c(136): warning:  #550-D: variable "delay" was set but never used
main.c(158): warning:  #550-D: variable "delay" was set but never used
compiling systick.c...
systick.c(80): warning:  #550-D: variable "temp" was set but never used
compiling timer.c...
timer.c(120): warning:  #550-D: variable "wait" was set but never used
timer.c(138): warning:  #550-D: variable "wait" was set but never used
compiling Sensor.c...
Sensor.c(118): warning:  #68-D: integer conversion resulted in a change of sign
Sensor.c(118): warning:  #68-D: integer conversion resulted in a change of sign
compiling uart.c...
uart.c(21): warning:  #550-D: variable "delay" was set but never used
compiling xbee.c...
compiling gpioHandler.c...
linking...
Program Size: Code=5380 RO-data=32 RW-data=212 ZI-data=4100  
"ece353_base_project.axf" - 0 Error(s), 8 Warning(s).
Rebuild target 'base_project'
assembling Startup.s...
compiling main.c...
main.c(136): warning:  #550-D: variable "delay" was set but never used
main.c(158): warning:  #550-D: variable "delay" was set but never used
compiling systick.c...
systick.c(80): warning:  #550-D: variable "temp" was set but never used
compiling timer.c...
timer.c(120): warning:  #550-D: variable "wait" was set but never used
timer.c(138): warning:  #550-D: variable "wait" was set but never used
compiling Sensor.c...
Sensor.c(118): warning:  #68-D: integer conversion resulted in a change of sign
Sensor.c(118): warning:  #68-D: integer conversion resulted in a change of sign
compiling uart.c...
uart.c(21): warning:  #550-D: variable "delay" was set but never used
compiling xbee.c...
compiling gpioHandler.c...
linking...
Program Size: Code=5380 RO-data=32 RW-data=212 ZI-data=4100  
"ece353_base_project.axf" - 0 Error(s), 8 Warning(s).
Rebuild target 'base_project'
assembling Startup.s...
compiling main.c...
main.c(136): warning:  #550-D: variable "delay" was set but never used
main.c(158): warning:  #550-D: variable "delay" was set but never used
compiling systick.c...
systick.c(80): warning:  #550-D: variable "temp" was set but never used
compiling timer.c...
timer.c(120): warning:  #550-D: variable "wait" was set but never used
timer.c(138): warning:  #550-D: variable "wait" was set but never used
compiling Sensor.c...
Sensor.c(118): warning:  #68-D: integer conversion resulted in a change of sign
Sensor.c(118): warning:  #68-D: integer conversion resulted in a change of sign
compiling uart.c...
uart.c(21): warning:  #550-D: variable "delay" was set but never used
compiling xbee.c...
compiling gpioHandler.c...
linking...
Program Size: Code=5380 RO-data=32 RW-data=212 ZI-data=4100  
"ece353_base_project.axf" - 0 Error(s), 8 Warning(s).
Load "I:\\315\\Project - Revision 6\\Final Revision\\Code_ROBOT_SLAVE\\ece353_base_project.AXF" 
Connecting: Mode=JTAG, Speed=1000000Hz
Erase Done.
Programming Done.
Verify OK.
Rebuild target 'base_project'
assembling Startup.s...
compiling main.c...
main.c(136): warning:  #550-D: variable "delay" was set but never used
main.c(158): warning:  #550-D: variable "delay" was set but never used
compiling systick.c...
systick.c(80): warning:  #550-D: variable "temp" was set but never used
compiling timer.c...
timer.c(120): warning:  #550-D: variable "wait" was set but never used
timer.c(138): warning:  #550-D: variable "wait" was set but never used
compiling Sensor.c...
Sensor.c(118): warning:  #68-D: integer conversion resulted in a change of sign
Sensor.c(118): warning:  #68-D: integer conversion resulted in a change of sign
compiling uart.c...
uart.c(21): warning:  #550-D: variable "delay" was set but never used
compiling xbee.c...
compiling gpioHandler.c...
linking...
Program Size: Code=5380 RO-data=32 RW-data=212 ZI-data=4100  
"ece353_base_project.axf" - 0 Error(s), 8 Warning(s).
Rebuild target 'base_project'
assembling Startup.s...
compiling main.c...
main.c(136): warning:  #550-D: variable "delay" was set but never used
main.c(158): warning:  #550-D: variable "delay" was set but never used
compiling systick.c...
systick.c(80): warning:  #550-D: variable "temp" was set but never used
compiling timer.c...
timer.c(120): warning:  #550-D: variable "wait" was set but never used
timer.c(138): warning:  #550-D: variable "wait" was set but never used
compiling Sensor.c...
Sensor.c(118): warning:  #68-D: integer conversion resulted in a change of sign
Sensor.c(118): warning:  #68-D: integer conversion resulted in a change of sign
compiling uart.c...
uart.c(21): warning:  #550-D: variable "delay" was set but never used
compiling xbee.c...
compiling gpioHandler.c...
linking...
Program Size: Code=5380 RO-data=32 RW-data=212 ZI-data=4100  
"ece353_base_project.axf" - 0 Error(s), 8 Warning(s).
Load "I:\\315\\Project - Revision 6\\Final Revision\\Code_ROBOT_SLAVE\\ece353_base_project.AXF" 
Connecting: Mode=JTAG, Speed=1000000Hz
Connection failed!, error code=&d
Load "I:\\315\\Project - Revision 6\\Final Revision\\Code_ROBOT_SLAVE\\ece353_base_project.AXF" 
Connecting: Mode=JTAG, Speed=1000000Hz
Erase Done.
Programming Done.
Verify OK.
Rebuild target 'base_project'
assembling Startup.s...
compiling main.c...
main.c(136): warning:  #550-D: variable "delay" was set but never used
main.c(158): warning:  #550-D: variable "delay" was set but never used
compiling systick.c...
systick.c(80): warning:  #550-D: variable "temp" was set but never used
compiling timer.c...
timer.c(120): warning:  #550-D: variable "wait" was set but never used
timer.c(138): warning:  #550-D: variable "wait" was set but never used
compiling Sensor.c...
Sensor.c(118): warning:  #68-D: integer conversion resulted in a change of sign
Sensor.c(118): warning:  #68-D: integer conversion resulted in a change of sign
compiling uart.c...
uart.c(21): warning:  #550-D: variable "delay" was set but never used
compiling xbee.c...
compiling gpioHandler.c...
linking...
Program Size: Code=5380 RO-data=32 RW-data=212 ZI-data=4100  
"ece353_base_project.axf" - 0 Error(s), 8 Warning(s).
Rebuild target 'base_project'
assembling Startup.s...
compiling main.c...
main.c(136): warning:  #550-D: variable "delay" was set but never used
main.c(158): warning:  #550-D: variable "delay" was set but never used
compiling systick.c...
systick.c(80): warning:  #550-D: variable "temp" was set but never used
compiling timer.c...
timer.c(120): warning:  #550-D: variable "wait" was set but never used
timer.c(138): warning:  #550-D: variable "wait" was set but never used
compiling Sensor.c...
Sensor.c(118): warning:  #68-D: integer conversion resulted in a change of sign
Sensor.c(118): warning:  #68-D: integer conversion resulted in a change of sign
compiling uart.c...
uart.c(21): warning:  #550-D: variable "delay" was set but never used
compiling xbee.c...
compiling gpioHandler.c...
linking...
Program Size: Code=5392 RO-data=32 RW-data=212 ZI-data=4100  
"ece353_base_project.axf" - 0 Error(s), 8 Warning(s).
Load "I:\\315\\Project - Revision 6\\Final Revision\\Code_ROBOT_SLAVE\\ece353_base_project.AXF" 
Connecting: Mode=JTAG, Speed=1000000Hz
Erase Done.
Programming Done.
Verify OK.
